// Jest Snapshot v1, https://goo.gl/fbAQLP

exports[`<Nav/> renders a minimal nav when signed out 1`] = `
<ul
  className="NavStyles-sc-11c0d2g-0 hfmIxm"
  data-test="nav"
>
  <Link
    href="/items"
  >
    <a
      href="/items"
      onClick={[Function]}
      onMouseEnter={[Function]}
    >
      Browse
    </a>
  </Link>
  <Link
    href="/signin"
  >
    <a
      href="/signin"
      onClick={[Function]}
      onMouseEnter={[Function]}
    >
      Sign In
    </a>
  </Link>
</ul>
`;

exports[`<Nav/> renders the amount of items in the cart 1`] = `
<div
  className="count CartCount__Dot-xxvp4g-1 kDZyEW"
>
  9
</div>
`;
